0 verbose cli /usr/local/bin/node /usr/local/lib/node_modules/npm/bin/npm-cli.js
1 info using npm@10.5.2
2 info using node@v20.13.1
3 timing npm:load:whichnode Completed in 1ms
4 timing config:load:defaults Completed in 1ms
5 timing config:load:file:/usr/local/lib/node_modules/npm/npmrc Completed in 1ms
6 timing config:load:builtin Completed in 1ms
7 timing config:load:cli Completed in 3ms
8 timing config:load:env Completed in 0ms
9 timing config:load:file:/Users/macuser/Documents/technical-test/keppri-challenge/.npmrc Completed in 0ms
10 timing config:load:project Completed in 3ms
11 timing config:load:file:/Users/macuser/.npmrc Completed in 3ms
12 timing config:load:user Completed in 3ms
13 timing config:load:file:/usr/local/etc/npmrc Completed in 0ms
14 timing config:load:global Completed in 0ms
15 timing config:load:setEnvs Completed in 1ms
16 timing config:load Completed in 13ms
17 timing npm:load:configload Completed in 13ms
18 timing config:load:flatten Completed in 1ms
19 timing npm:load:mkdirpcache Completed in 0ms
20 timing npm:load:mkdirplogs Completed in 0ms
21 verbose title npm exec openspec --version
22 verbose argv "exec" "--" "openspec" "--version"
23 timing npm:load:setTitle Completed in 8ms
24 timing npm:load:display Completed in 1ms
25 verbose logfile logs-max:10 dir:/Users/macuser/Documents/technical-test/keppri-challenge/local_npm/_logs/2026-10-07T01_00_48_964Z-
26 verbose logfile /Users/macuser/Documents/technical-test/keppri-challenge/local_npm/_logs/2026-10-07T01_00_48_964Z-debug-0.log
27 timing npm:load:logFile Completed in 2ms
28 timing npm:load:timers Completed in 0ms
29 timing npm:load:configScope Completed in 0ms
30 timing npm:load Completed in 40ms
31 silly logfile done cleaning log files
32 timing arborist:ctor Completed in 0ms
33 timing arborist:ctor Completed in 0ms
34 http fetch GET 200 https://registry.npmjs.org/npm 270ms
35 http fetch GET 200 https://registry.npmjs.org/openspec 240ms (cache miss)
36 timing command:exec Completed in 319ms
37 notice
37 notice New [31mmajor[39m version of npm available! [31m10.5.2[39m -> [32m12.2.0[39m
37 notice Changelog: [36mhttps://github.com/npm/cli/releases/tag/v12.2.0[39m
37 notice Run [32mnpm install -g npm@12.2.0[39m to update!
37 notice
38 verbose stack Error: could not determine executable to run
38 verbose stack     at getBinFromManifest (/usr/local/lib/node_modules/npm/node_modules/libnpmexec/lib/get-bin-from-manifest.js:17:23)
38 verbose stack     at exec (/usr/local/lib/node_modules/npm/node_modules/libnpmexec/lib/index.js:188:15)
38 verbose stack     at async module.exports (/usr/local/lib/node_modules/npm/lib/cli-entry.js:61:5)
39 verbose pkgid openspec@0.0.0
40 verbose cwd /Users/macuser/Documents/technical-test/keppri-challenge
41 verbose Darwin 27.0.0
42 verbose node v20.13.1
43 verbose npm  v10.5.2
44 error could not determine executable to run
45 verbose exit 1
46 timing npm Completed in 635ms
47 verbose code 1
48 error A complete log of this run can be found in: /Users/macuser/Documents/technical-test/keppri-challenge/local_npm/_logs/2026-10-07T01_00_48_964Z-debug-0.log
