0 verbose cli /usr/local/bin/node /usr/local/lib/node_modules/npm/bin/npm-cli.js
1 info using npm@10.5.2
2 info using node@v20.13.1
3 timing npm:load:whichnode Completed in 1ms
4 timing config:load:defaults Completed in 0ms
5 timing config:load:file:/usr/local/lib/node_modules/npm/npmrc Completed in 1ms
6 timing config:load:builtin Completed in 1ms
7 timing config:load:cli Completed in 1ms
8 timing config:load:env Completed in 0ms
9 timing config:load:file:/Users/macuser/Documents/technical-test/keppri-challenge/.npmrc Completed in 0ms
10 timing config:load:project Completed in 1ms
11 timing config:load:file:/Users/macuser/.npmrc Completed in 1ms
12 timing config:load:user Completed in 1ms
13 timing config:load:file:/usr/local/etc/npmrc Completed in 0ms
14 timing config:load:global Completed in 0ms
15 timing config:load:setEnvs Completed in 0ms
16 timing config:load Completed in 4ms
17 timing npm:load:configload Completed in 4ms
18 timing config:load:flatten Completed in 1ms
19 timing npm:load:mkdirpcache Completed in 0ms
20 timing npm:load:mkdirplogs Completed in 0ms
21 verbose title npm exec openspec --help
22 verbose argv "exec" "--" "openspec" "--help"
23 timing npm:load:setTitle Completed in 7ms
24 timing npm:load:display Completed in 1ms
25 verbose logfile logs-max:10 dir:/Users/macuser/Documents/technical-test/keppri-challenge/local_npm/_logs/2026-10-07T01_22_17_600Z-
26 verbose logfile /Users/macuser/Documents/technical-test/keppri-challenge/local_npm/_logs/2026-10-07T01_22_17_600Z-debug-0.log
27 timing npm:load:logFile Completed in 1ms
28 timing npm:load:timers Completed in 0ms
29 timing npm:load:configScope Completed in 0ms
30 timing npm:load Completed in 24ms
31 silly logfile done cleaning log files
32 timing arborist:ctor Completed in 0ms
33 timing arborist:ctor Completed in 0ms
34 http fetch GET 200 https://registry.npmjs.org/openspec 284ms (cache revalidated)
35 timing command:exec Completed in 334ms
36 verbose stack Error: could not determine executable to run
36 verbose stack     at getBinFromManifest (/usr/local/lib/node_modules/npm/node_modules/libnpmexec/lib/get-bin-from-manifest.js:17:23)
36 verbose stack     at exec (/usr/local/lib/node_modules/npm/node_modules/libnpmexec/lib/index.js:188:15)
36 verbose stack     at async module.exports (/usr/local/lib/node_modules/npm/lib/cli-entry.js:61:5)
37 verbose pkgid openspec@0.0.0
38 verbose cwd /Users/macuser/Documents/technical-test/keppri-challenge
39 verbose Darwin 27.0.0
40 verbose node v20.13.1
41 verbose npm  v10.5.2
42 error could not determine executable to run
43 verbose exit 1
44 timing npm Completed in 535ms
45 verbose code 1
46 error A complete log of this run can be found in: /Users/macuser/Documents/technical-test/keppri-challenge/local_npm/_logs/2026-10-07T01_22_17_600Z-debug-0.log
